// Jest Snapshot v1, https://goo.gl/fbAQLP

exports[`SEARCH Should match the snapshot 1`] = `"<form><input type=\\"text\\" placeholder=\\"Search\\"/></form>"`;
