// Jest Snapshot v1, https://goo.gl/fbAQLP

exports[`SELECTEDCONT Should match snapshot when there is an empty array 1`] = `"<article class=\\"card-cont\\"></article>"`;
